–ö–∞–∫ –∏—Å–ø–æ–ª—å–∑–æ–≤–∞—Ç—å –∫–æ–º–∞–Ω–¥—É grep –≤ linux
grep —ç—Ç–æ –≤–ø–æ–ª–Ω–µ –≤–æ–∑–º–æ–∂–Ω–æ —Å–∞–º–∞—è –ø–æ–ø—É–ª—è—Ä–Ω–∞—è –∏–∑ —Å—É—â–µ—Å—Ç–≤—É—é—â–∏—Ö –∫–æ–º–∞–Ω–¥ –≤ Unix/Linux. –ú–Ω–æ–≥–∏–µ –±—ã —Å —ç—Ç–∏–º –ø–æ—Å–ø–æ—Ä–∏–ª–∏, –Ω–æ —Å—Ç–æ–∏—Ç –Ω–∞—á–∞—Ç—å –∏—Å–ø–æ–ª—å–∑–æ–≤–∞—Ç—å grep, —ç—Ç–∞ –∫–æ–º–∞–Ω–¥–∞ –±—É–¥–µ—Ç –ø—Ä–∏—Å—É—Ç—Å—Ç–≤–æ–≤–∞—Ç—å –ø–æ—á—Ç–∏ –≤–æ –≤—Å–µ—Ö –≤–∞—à–∏—Ö —Å–∫—Ä–∏–ø—Ç–∞—Ö –¥–ª—è –∫–æ–Ω—Å–æ–ª–∏ Linux. grep —Ä–∞—Å—à–∏—Ñ—Ä–æ–≤—ã–≤–∞–µ—Ç—Å—è –∫–∞–∫ [global regular expression printer]. –ò–Ω—ã–º–∏ —Å–ª–æ–≤–∞–º–∏ grep –≤—ã—Ä–µ–∑–∞–µ—Ç –Ω—É–∂–Ω—ã–µ –≤–∞–º —Å—Ç—Ä–æ–∫–∏ –∏–∑ —Ç–µ–∫—Å—Ç–æ–≤—ã—Ö —Ñ–∞–π–ª–æ–≤ –∫–æ—Ç–æ—Ä—ã–µ —Å–æ–¥–µ—Ä–∂–∞—Ç —É–∫–∞–∑–∞–Ω—ã–π –ø–æ–ª—å–∑–æ–≤–∞—Ç–µ–ª–µ–º —Ç–µ–∫—Å—Ç.

grep –º–æ–∂–µ—Ç –±—ã—Ç—å –∏—Å–ø–æ–ª—å–∑–æ–≤–∞–Ω –¥–≤—É–º—è –ø—É—Ç—è–º–∏ ‚Äî —Å–∞–º –ø–æ —Å–µ–±–µ –∏–ª–∏ –≤ –∫–æ–º–±–∏–Ω–∞—Ü–∏–∏ —Å –ø–æ—Ç–æ–∫–∞–º–∏.

–ò—Å–ø–æ–ª—å–∑–æ–≤–∞–Ω–∏–µ grep –≤ —á–∏—Å—Ç–æ–º –≤–∏–¥–µ
$ grep '12:00' /home/david/backup/log.txt

–≠—Ç–∞ –∫–æ–º–∞–Ω–¥–∞ –ø–æ–∫–∞–∑—ã–≤–∞–µ—Ç –∫–∞–∫ –º–æ–∂–Ω–æ –∏—Å–ø–æ–ª—å–∑–æ–≤–∞—Ç—å grep –¥–ª—è —Ç–æ–≥–æ —á—Ç–æ–±—ã –ø–æ–ª—É—á–∏—Ç—å —Å—Ç—Ä–æ–∫–∏ –∏–∑ —Ñ–∞–π–ª–∞ —Å–æ–¥–µ—Ä–∂–∞—â–∏–µ –ø–æ–¥—Å—Ç—Ä–æ–∫—É —É–∫–∞–∑–∞–Ω—É—é –≤ –∫–æ–º–∞–Ω–¥–Ω–æ–π —Å—Ç—Ä–æ–∫–µ. –§–∞–π–ª –Ω–µ –æ–±—è–∑–∞—Ç–µ–ª—å–Ω–æ –¥–æ–ª–∂–µ–Ω –æ–∫–∞–Ω—á–∏–≤–∞—Ç—å—Å—è –Ω–∞ .txt. –ü–æ–∫–∞–∑–∞–Ω–∞—è –≤—ã—à–µ –∫–æ–º–∞–Ω–¥–∞ –ø—Ä–æ–∏–∑–≤–æ–¥–∏—Ç –ø–æ–∏—Å–∫ –ø–æ–¥—Å—Ç—Ä–æ–∫–∏ 12.00 –≤ —Ñ–∞–π–ª–µ /home/david/backup/log.txt –∏ –æ—Ç–æ–±—Ä–∞–∂–∞–µ—Ç –≤—Å–µ —Å—Ç—Ä–æ–∫–∏ –≥–¥–µ —ç—Ç–∞ –ø–æ–¥—Å—Ç—Ä–æ–∫–∞ –≤—Å—Ç—Ä–µ—á–∞–µ—Ç—Å—è.

–≠—Ç–∞ –∫–æ–º–±–∏–Ω–∞—Ü–∏—è –º–æ–∂–µ—Ç –±—ã—Ç—å –∏—Å–ø–æ–ª—å–∑–æ–≤–∞–Ω–∞ –Ω–∞–ø—Ä–∏–º–µ—Ä –¥–ª—è –ø–æ–∏—Å–∫–∞ –±–µ–∫–∞–ø–æ–≤ –∫–æ—Ç–æ—Ä—ã–µ –ø—Ä–æ–∏—Å—Ö–æ–¥–∏–ª–∏ –≤ 12:00.

$ grep -v '12.00' /home/david/backup/log.txt

–ê –≤–æ—Ç —ç—Ç–∞ –∫–æ–º–∞–Ω–¥–∞ (—Å –∏—Å–ø–æ–ª—å–∑–æ–≤–∞–Ω–∏–µ–º –∫–ª—é—á–∞ -v) –Ω–∞–æ–±–æ—Ä–æ—Ç –ø–æ–∫–∞–∂–µ—Ç —Ç–æ–ª—å–∫–æ —Ç–µ —Å—Ç—Ä–æ–∫–∏ –≥–¥–µ –ø–æ–¥—Å—Ç—Ä–æ–∫–∞ ‚Äô12:00‚Ä≤ –Ω–µ –≤—Å—Ç—Ä–µ—á–∞–µ—Ç—Å—è.

$ grep -l 'delay' /code/*.c

–≠—Ç–∞ –∫–æ–º–∞–Ω–¥–∞ –±—É–¥–µ—Ç –∏—Å–∫–∞—Ç—å –≤—Å–µ —Ñ–∞–π–ª—ã –æ–∫–∞–Ω—á–∏–≤–∞—é—â–∏–µ—Å—è –Ω–∞ .c –∏ —Ç–µ–∫—Å—Ç –≤ –Ω–∞–π–¥–µ–Ω—ã—Ö —Ñ–∞–π–ª–∞—Ö —Å–æ–æ—Ç–≤–µ—Ç—Å—Ç–≤—É—é—â–∏–π –ø–æ–¥—Å—Ç—Ä–æ–∫–µ 'delay' –∏ –≤ –∫–æ–Ω–µ—á–Ω–æ–º –∏—Ç–æ–≥–µ –≤—ã–≤–µ–¥–µ—Ç —Ç–æ–ª—å–∫–æ –∏–º–µ–Ω–∞ —Ñ–∞–π–ª–æ–≤ –≥–¥–µ —ç—Ç–∞ –ø–æ–¥—Å—Ç—Ä–æ–∫–∞ –≤—Å—Ç—Ä–µ—á–∞–µ—Ç—Å—è.

$ grep -w '\<bay' * $ grep -w 'watch\>' *

–≠—Ç–∞ –∫–æ–º–∞–Ω–¥–∞ —É–∂–µ –±–æ–ª–µ–µ —Å–ª–æ–∂–Ω–∞—è –∏ —Å–æ—Å—Ç–æ–∏—Ç –∏–∑ –∫–æ–º–±–∏–Ω–∞—Ü–∏–∏ –¥–≤—É—Ö –∫–æ–º–∞–Ω–¥ grep. –ü–µ—Ä–≤–∞—è –∏—â–µ—Ç —Å—Ç—Ä–æ–∫–∏ –∫–æ—Ç–æ—Ä—ã–µ –Ω–∞—á–∏–Ω–∞—é—Ç—Å—è —Å–æ —Å–ª–æ–≤–∞ ‚Äòbay‚Äô –∞ –≤—Ç–æ—Ä–∞—è —Å—Ç—Ä–æ–∫–∏ –∫–æ—Ç–æ—Ä—ã–µ –∑–∞–∫–∞–Ω—á–∏–≤–∞—é—Ç—Å—è –Ω–∞ —Å–ª–æ–≤–æ ‚Äòwatch‚Äô.

–ò—Å–ø–æ–ª—å–∑–æ–≤–∞–Ω–∏–µ grep –≤–º–µ—Å—Ç–µ —Å –ø–æ—Ç–æ–∫–∞–º–∏
$ ls -l | grep rwxrwxrwx

–í—ã –Ω–∞–≤–µ—Ä–Ω–æ —É–∂–µ –∑–Ω–∞–µ—Ç–µ —á—Ç–æ –∫–æ–º–∞–Ω–¥–∞ ls -l –æ—Ç–æ–±—Ä–∞–∂–∞–µ—Ç –ø–æ–¥—Ä–æ–±–Ω—ã–π —Å–ø–∏—Å–æ–∫ —Ñ–∞–π–ª–æ–≤ –≤ –¥–∏—Ä–µ–∫—Ç–æ—Ä–∏–∏. –ß–∞—Å—Ç—å grep rwxrwxrwx —Ñ–∏–ª—å—Ç—Ä—É–µ—Ç —Ä–µ–∑—É–ª—å—Ç–∞—Ç –ø–æ–ª—É—á–µ–Ω—ã–π –æ—Ç ls -l –∏ –≤—ã–≤–æ–¥–∏—Ç —Ç–æ–ª—å–∫–æ —Ç–µ –¥–∏—Ä–µ–∫—Ç–æ—Ä–∏–∏ —É –∫–æ—Ç–æ—Ä—ã—Ö —É—Å—Ç–∞–Ω–æ–≤–ª–µ–Ω—ã —Å–æ–æ—Ç–≤–µ—Ç—Å—Ç–≤—É—é—â–∏–µ –ø—Ä–∞–≤–∞ –¥–æ—Å—Ç—É–ø–∞. –í –¥–∞–Ω–Ω–æ–º —Å–ª—É—á–∞–µ —ç—Ç–æ –æ—Ç–∫—Ä—ã—Ç—ã–π –¥–æ—Å—Ç—É–ø –Ω–∞ —á—Ç–µ–Ω–∏–µ, –∑–∞–ø–∏—Å—å –∏ –ø–æ–∏—Å–∫ –¥–ª—è –≤—Å–µ—Ö –ø–æ–ª—å–∑–æ–≤–∞—Ç–µ–ª–µ–π –∏ –≥—Ä—É–ø–ø. –¢–∞–∫ —á—Ç–æ –≤–º–µ—Å—Ç–æ —Ç–æ–≥–æ —á—Ç–æ–±—ã —É–≤–∏–¥–µ—Ç—å –ø–æ–ª–Ω—ã–π —Å–ø–∏—Å–æ–∫ —Ñ–∞–π–ª–æ–≤ –≤—ã —É–≤–∏–¥–∏—Ç–µ —Ç–æ–ª—å–∫–æ —Ç–µ —Ñ–∞–π–ª—ã —É –∫–æ—Ç–æ—Ä—ã—Ö —É—Å—Ç–∞–Ω–æ–≤–ª–µ–Ω—ã –Ω—É–∂–Ω—ã–µ –≤–∞–º –ø—Ä–∞–≤–∞ –¥–æ—Å—Ç—É–ø–∞.

–í—ã–≤–æ–¥ –æ—Ç –∫–æ–º–∞–Ω–¥—ã grep –º–æ–∂–µ—Ç —Ç–∞–∫–∂–µ –±—ã—Ç—å –Ω–∞–ø—Ä–∞–≤–ª–µ–Ω –ø–æ—Ç–æ–∫–æ–º –≤ –¥—Ä—É–≥—É—é –∫–æ–º–∞–Ω–¥—É, –Ω–∞–ø—Ä–∏–º–µ—Ä –∫–∞–∫ –≤ —Å–ª–µ–¥—É—é—â–µ–º –ø—Ä–∏–º–µ—Ä–µ:

$ du | grep 'mp3' | more

–í—ã –¥–æ–ª–∂–Ω—ã —É–∂–µ –¥–æ–≥–∞–¥–∞—Ç—å—Å—è —á—Ç–æ –¥–µ–ª–∞–µ—Ç —É–∫–∞–∑–∞–Ω–∞—è –≤—ã—à–µ –∫–æ–º–∞–Ω–¥–∞ üôÇ –ï—Å–ª–∏ –Ω–µ –¥–æ–≥–∞–¥–∞–ª–∏—Å—å —Ç–æ –≤—Å–µ –ø—Ä–æ—Å—Ç–æ ‚Äî –æ–Ω–∞ –≤—ã–≤–æ–¥–∏—Ç –ø–æ—Å—Ç—Ä–∞–Ω–∏—á–Ω–æ —Å–ø–∏—Å–æ–∫ mp3 —Ñ–∞–π–ª–æ–≤ –Ω–∞–π–¥–µ–Ω—ã—Ö –≤ —Ç–µ–∫—É—â–µ–π –¥–∏—Ä–µ–∫—Ç–æ—Ä–∏–∏. –í—Å–µ –ø—Ä–æ—Å—Ç–æ üôÇ

$ grep '^#' /home/david/script1 | more

–≠—Ç–∞ –∫–æ–º–∞–Ω–¥–∞ –æ—Ç–æ–±—Ä–∞–∑–∏—Ç –≤—Å–µ —Å—Ç—Ä–æ–∫–∏ –≤ —Ñ–∞–π–ª–µ /home/david/script1 –∫–æ—Ç–æ—Ä—ã–µ –Ω–∞—á–∏–Ω–∞—é—Ç—Å—è —Å —Å–∏–º–≤–æ–ª–∞ ‚Äò#‚Äô. –û–ø—Ä–µ–¥–µ–ª–µ–Ω–∏–µ —Ç–∏–ø ‚Äò^#‚Äô –æ–∑–Ω–∞—á–∞–µ—Ç —á—Ç–æ —Å–∏–º–≤–æ–ª ‚Äò#‚Äô –¥–æ–ª–∂–µ–Ω –±—ã—Ç—å –ø–µ—Ä–≤—ã–º —Å–∏–º–≤–æ–ª–æ–º —Å —Ç—Ä–æ–∫–µ.

$ grep -v '^[0-9]' /home/david/backup/log.txt | more

–≠—Ç–∞ –∫–æ–º–∞–Ω–¥–∞ –∏—â–µ—Ç —Å—Ç—Ä–æ–∫–∏ —Å–æ–¥–µ—Ä–∂–∞—â–∏–µ –≤ –ø–µ—Ä–≤–æ–º —Å–∏–º–≤–æ–ª–µ —Ü–∏—Ñ—Ä—ã –æ—Ç 0 –¥–æ 9 –∞ –ø–æ—Ç–æ–º –≤—ã–≤–æ–¥–∏—Ç —Ç–æ–ª—å–∫–æ —Ç–µ —Å—Ç—Ä–æ–∫–∏ –∫–æ—Ç–æ—Ä—ã–µ –Ω–µ –ø–æ–ø–∞–ª–∏ –≤ —Ä–µ–∑—É–ª—å—Ç–∞—Ç—ã –ø–æ–∏—Å–∫–∞. –ö–∞–∫ –≤—ã –≤–∏–¥–∏—Ç–µ ‚Äî –±—ã–ª –∏—Å–ø–æ–ª—å–∑–æ–≤–∞–Ω –∫–ª—é—á ‚Äò-v‚Äô –æ–∑–Ω–∞—á–∞—é—â–∏–π —Ä–µ–≤–µ—Ä—Å–∏–≤–Ω—ã–π –ø–æ–∏—Å–∫.

–í–∞–∂–Ω–æ: –ù–µ–æ–±—Ö–æ–¥–∏–º–æ –∑–∞–∫–ª—é—á–∞—Ç—å –∏—Å–∫–æ–º—ã–µ —Å—Ç—Ä–æ–∫–∏ –≤ –æ–¥–∏–Ω–∞—Ä–Ω—ã–µ –∫–∞–≤—ã—á–∫–∏ –∫–∞–∫ —É–∫–∞–∑–∞–Ω–æ –≤ –¥–≤—É—Ö –ø—Ä–µ–¥—ã–¥—É—â–∏—Ö –ø—Ä–∏–º–µ—Ä–∞—Ö –¥–ª—è —Ç–æ–≥–æ —á—Ç–æ–±—ã –∏–Ω—Ç–µ—Ä–ø—Ä–µ—Ç–∞—Ç–æ—Ä –∫–æ–º–∞–Ω–¥–Ω–æ–π —Å—Ç—Ä–æ–∫–∏ –º–æ–≥ –≤–æ—Å–ø—Ä–∏–Ω–∏–º–∞—Ç—å –∏—Ö –∫–æ—Ä—Ä–µ–∫—Ç–Ω–æ. –ò–Ω–∞—á–µ –∏–Ω—Ç–µ—Ä–ø—Ä–µ—Ç–∞—Ç–æ—Ä –º–æ–∂–µ—Ç –ø–æ–Ω—è—Ç—å —ç—Ç–æ –∫–∞–∫ –¥—Ä—É–≥—É—é –∫–æ–º–∞–Ω–¥—É –∏ —Ä–µ–∑—É–ª—å—Ç–∞—Ç –≤—ã–ø–æ–ª–Ω–µ–Ω–∏—è –±—É–¥–µ—Ç –Ω–µ–ø—Ä–µ–¥—Å–∫–∞–∑—É–µ–º.

–ù–µ–∫–æ—Ç–æ—Ä—ã–µ –¥–æ–ø–æ–ª–Ω–∏—Ç–µ–ª—å–Ω—ã–µ –∫–ª—é—á–∏ –∫–æ–º–∞–Ω–¥—ã grep:

-v : –í—ã–≤–æ–¥–∏ —Ä–µ–≤–µ—Ä—Å–∏–≤–Ω—ã–µ —Ä–µ–∑—É–ª—å—Ç–∞—Ç—ã. –í–º–µ—Å—Ç–æ —Ç–æ–≥–æ —á—Ç–æ–±—ã –≤—ã–≤–µ—Å—Ç–∏ —Å—Ç—Ä–æ–∫–∏ –≥–¥–µ –∏—Å–∫–æ–º–æ–µ –±—ã–ª–æ –Ω–∞–π–¥–µ–Ω–æ ‚Äî –≤—ã–≤–æ–¥–∏ —Ç–µ —Å—Ç—Ä–æ–∫–∏ –≥–¥–µ –∏—Å–∫–æ–º–æ–π –ø–æ–¥—Å—Ç—Ä–æ–∫–∏ –Ω–µ—Ç.
-c : –û—Ç–∫–ª—é—á–∞–µ—Ç —Å—Ç–∞–Ω–¥–∞—Ä—Ç–Ω—ã–π —Å–ø–æ—Å–æ–± –≤—ã–≤–æ–¥–∞ —Ä–µ–∑—É–ª—å—Ç–∞—Ç–∞ –∏ –≤–º–µ—Å—Ç–æ —ç—Ç–æ–≥–æ –æ—Ç–æ–±—Ä–∞–∂–∞–µ—Ç —Ç–æ–ª—å–∫–æ —á–∏—Å–ª–æ –æ–±–æ–∑–Ω–∞—á–∞—é—â–µ–µ –∫–æ–ª–∏—á–µ—Å—Ç–≤–æ –Ω–∞–π–¥–µ–Ω—ã—Ö —Å—Ç—Ä–æ–∫.
-i : –î–µ–ª–∞–µ—Ç –ø–æ–∏—Å–∫ —Ä–µ–≥–∏—Å—Ç—Ä–æ–Ω–µ–∑–∞–≤–∏—Å–∏–º—ã–º
-w : –í–µ–¥–µ—Ç –ø–æ–∏—Å–∫ –ø–æ —Ü–µ–ª—å–Ω—ã–º —Å–ª–æ–≤–∞–º. –ù–∞–ø—Ä–∏–º–µ—Ä –ø—Ä–∏ –æ–±—ã—á–Ω–æ–º –ø–æ–∏—Å–∫–µ —Å—Ç—Ä–æ–∫–∏ ‚Äòwood‚Äô grep –º–æ–∂–µ—Ç –Ω–∞–π—Ç–∏ —Å–ª–æ–≤–æ ‚Äòhollywood‚Äô. –ê –µ—Å–ª–∏ –∏—Å–ø–æ–ª—å–∑—É–µ—Ç—Å—è –¥–∞–Ω–Ω—ã–π –∫–ª—é—á —Ç–æ –±—É–¥—É—Ç –Ω–∞–π–¥–µ–Ω—ã —Ç–æ–ª—å–∫–æ —Å—Ç—Ä–æ–∫–∏ –≥–¥–µ –µ—Å—Ç—å —Å–ª–æ–≤–æ ‚Äòwood‚Äô.
-l : –í—ã–≤–æ–¥–∏—Ç —Ç–æ–ª—å–∫–æ –∏–º–µ–Ω–∞ —Ñ–∞–π–ª–æ–≤ –≥–¥–µ –±—ã–ª–∞ –Ω–∞–π–¥–µ–Ω–∞ —Å—Ç—Ä–æ–∫–∞.
-r : –ü—Ä–æ–∏–∑–≤–æ–¥–∏—Ç –ø–æ–∏—Å–∫ —Ä–µ–∫—É—Ä—Å–∏–≤–Ω–æ –ø–æ –≤—Å–µ–º –ø–æ–¥–¥–∏—Ä–µ–∫—Ç–æ—Ä–∏—è–º.
–Ø –Ω–∞–¥–µ—é—Å—å —ç—Ç–∞ –Ω–µ–±–æ–ª—å—à–∞—è –∏–Ω—Å—Ç—Ä—É–∫—Ü–∏—è –ø–æ–º–æ–∂–µ—Ç –≤–∞–º —Ä–∞–∑–æ–±—Ä–∞—Ç—å—Å—è —Å —ç—Ç–æ–π –ø–æ–ª–µ–∑–Ω–æ–π –∫–æ–º–∞–Ω–¥–æ–π.


grep –≤ Linux –∫–∞–∫ –∏–Ω—Å—Ç—Ä—É–º–µ–Ω—Ç –¥–ª—è –∞–¥–º–∏–Ω–∏—Å—Ç—Ä–∏—Ä–æ–≤–∞–Ω–∏—è

grep ‚Äî —É—Ç–∏–ª–∏—Ç–∞ –∫–æ–º–∞–Ω–¥–Ω–æ–π —Å—Ç—Ä–æ–∫–∏, –∏—Å–ø–æ–ª—å–∑—É–µ—Ç—Å—è –¥–ª—è –ø–æ–∏—Å–∫–∞ –∏ —Ñ–∏–ª—å—Ç—Ä–∞—Ü–∏–∏ —Ç–µ–∫—Å—Ç–∞ –≤ —Ñ–∞–π–ª–∞—Ö, –Ω–∞ –æ—Å–Ω–æ–≤–µ —à–∞–±–ª–æ–Ω–∞, –∫–æ—Ç–æ—Ä—ã–π (—à–∞–±–ª–æ–Ω) –º–æ–∂–µ—Ç –±—ã—Ç—å —Ä–µ–≥—É–ª—è—Ä–Ω—ã–º –≤—ã—Ä–∞–∂–µ–Ω–∏–µ–º.

–ü—Ä–∏–º–µ—Ä—ã –∏—Å–ø–æ–ª—å–∑–æ–≤–∞–Ω–∏—è.

grep iodmin

grep iodmin file.txt –ø–æ–∏—Å–∫ iodmin –≤ —Ñ–∞–π–ª–µ file.txt, —Å –≤—ã–≤–æ–¥–æ–º –ø–æ–ª–Ω–æ—Å—Ç—å—é —Å–æ–≤–ø–∞–≤—à–µ–π —Å—Ç—Ä–æ–∫–æ–π
grep -o iodmin file.txt –ø–æ–∏—Å–∫ iodmin –≤ —Ñ–∞–π–ª–µ file.txt –∏ –≤—ã–≤–æ–¥ —Ç–æ–ª—å–∫–æ —Å–æ–≤–ø–∞–≤—à–µ–≥–æ –∫—É—Å–∫–∞ —Å—Ç—Ä–æ–∫–∏
grep -i iodmin file.txt –∏–≥–Ω–æ—Ä–∏—Ä–æ–≤–∞–Ω–∏–µ —Ä–µ–≥–∏—Å—Ç—Ä–∞ –ø—Ä–∏ –ø–æ–∏—Å–∫–µ
grep -bn iodmin file.txt –ø–æ–∫–∞–∑–∞—Ç—å —Å—Ç—Ä–æ–∫—É (-n) –∏ —Å—Ç–æ–ª–±–µ—Ü (-b), –≥–¥–µ –±—ã–ª –Ω–∞–π–¥–µ–Ω iodmin
grep -v iodmin file.txt –∏–Ω–≤–µ—Ä—Å–∏—è –ø–æ–∏—Å–∫–∞ (–Ω–∞–π–¥–µ—Ç –≤—Å–µ —Å—Ç—Ä–æ–∫–∏, –∫–æ—Ç–æ—Ä—ã–µ –Ω–µ —Å–æ–≤–ø–∞–¥–∞—é—Ç —Å —à–∞–±–ª–æ–Ω–æ–º iodmin)
grep -A 3 iodmin file.txt –≤—ã–≤–æ–¥ –¥–æ–ø–æ–ª–Ω–∏—Ç–µ–ª—å–Ω—ã—Ö —Ç—Ä–µ—Ö —Å—Ç—Ä–æ–∫, –ø–æ—Å–ª–µ —Å–æ–≤–ø–∞–≤—à–µ–π
grep -B 3 iodmin file.txt –≤—ã–≤–æ–¥ –¥–æ–ø–æ–ª–Ω–∏—Ç–µ–ª—å–Ω—ã—Ö —Ç—Ä–µ—Ö —Å—Ç—Ä–æ–∫, –ø–µ—Ä–µ–¥ —Å–æ–≤–ø–∞–≤—à–µ–π
grep -C 3 iodmin file.txt –≤—ã–≤–æ–¥ —Ç—Ä–∏ –¥–æ–ø–æ–ª–Ω–∏—Ç–µ–ª—å–Ω—ã–µ —Å—Ç—Ä–æ–∫–∏ –ø–µ—Ä–µ–¥ –∏ –ø–æ—Å–ª–µ —Å–æ–≤–ø–∞–≤—à–µ–π
grep -r iodmin $HOME —Ä–µ–∫—É—Ä—Å–∏–≤–Ω—ã–π –ø–æ–∏—Å–∫ –ø–æ –¥–∏—Ä–µ–∫—Ç–æ—Ä–∏–∏ $HOME –∏ –≤—Å–µ–º –≤–ª–æ–∂–µ–Ω–Ω—ã–º
grep -c iodmin file.txt –ø–æ–¥—Å—á–µ—Ç —Å–æ–≤–ø–∞–¥–µ–Ω–∏–π
grep -L iodmin *.txt –≤—ã–≤–µ—Å—Ç–∏ —Å–ø–∏—Å–æ–∫ txt-—Ñ–∞–π–ª–æ–≤, –∫–æ—Ç–æ—Ä—ã–µ –Ω–µ —Å–æ–¥–µ—Ä–∂–∞—Ç iodmin
grep -l iodmin *.txt –≤—ã–≤–µ—Å—Ç–∏ —Å–ø–∏—Å–æ–∫ txt-—Ñ–∞–π–ª–æ–≤, –∫–æ—Ç–æ—Ä—ã–µ —Å–æ–¥–µ—Ä–∂–∞—Ç iodmin
grep -w iodmin file.txt —Å–æ–≤–ø–∞–¥–µ–Ω–∏–µ —Ç–æ–ª—å–∫–æ —Å –ø–æ–ª–Ω—ã–º —Å–ª–æ–≤–æ–º iodmin
grep -f iodmins.txt file.txt –ø–æ–∏—Å–∫ –ø–æ –Ω–µ—Å–∫–æ–ª—å–∫–∏–º iodmin –∏–∑ —Ñ–∞–π–ª–∞ iodmins.txt, —à–∞–±–ª–æ–Ω—ã —Ä–∞–∑–¥–µ–ª—è—é—Ç—Å—è –Ω–æ–≤–æ–π —Å—Ç—Ä–æ–∫–æ–π
grep -I iodmin file.txt –∏–≥–Ω–æ—Ä–∏—Ä–æ–≤–∞–Ω–∏–µ –±–∏–Ω–∞—Ä–Ω—ã—Ö —Ñ–∞–π–ª–æ–≤
grep -v -f file2 file1 > file3 –≤—ã–≤–æ–¥ —Å—Ç—Ä–æ–∫, –∫–æ—Ç–æ—Ä—ã–µ –µ—Å—Ç—å –≤ file1 –∏ –Ω–µ—Ç –≤ file2
grep -in -e 'python' `find -type f` —Ä–µ–∫—É—Ä—Å–∏–≤–Ω—ã–π –ø–æ–∏—Å–∫ —Ñ–∞–π–ª–æ–≤, —Å–æ–¥–µ—Ä–∂–∞—â–∏—Ö —Å–ª–æ–≤–æ python —Å –≤—ã–≤–æ–¥–æ–º –Ω–æ–º–µ—Ä–∞ —Å—Ç—Ä–æ–∫–∏ –∏ —Å–æ–≤–ø–∞–¥–µ–Ω–∏–π
grep -inc -e 'test' find -type f | grep -v :0 —Ä–µ–∫—É—Ä—Å–∏–≤–Ω—ã–π –ø–æ–∏—Å–∫ —Ñ–∞–π–ª–æ–≤, —Å–æ–¥–µ—Ä–∂–∞—â–∏—Ö —Å–ª–æ–≤–æ python —Å –≤—ã–≤–æ–¥–æ–º –∫–æ–ª–∏—á–µ—Å—Ç–≤–∞ —Å–æ–≤–ø–∞–¥–µ–Ω–∏–π
grep . *.py –≤—ã–≤–æ–¥ —Å–æ–¥–µ—Ä–∂–∏–º–æ–≥–æ –≤—Å–µ—Ö py-—Ñ–∞–π–ª–æ–≤, –ø—Ä–µ–¥–≤–∞—Ä—è—è –∫–∞–∂–¥—É—é —Å—Ç—Ä–æ–∫—É –∏–º–µ–Ω–µ–º —Ñ–∞–π–ª–∞
grep "Http404" apps/**/*.py —Ä–µ–∫—É—Ä—Å–∏–≤–Ω—ã–π –ø–æ–∏—Å–∫ —É–ø–æ–º–∏–Ω–∞–Ω–∏–π Http404 –≤ –¥–∏—Ä–µ–∫—Ç–æ—Ä–∏–∏ apps –≤ py-—Ñ–∞–π–ª–∞—Ö



–≠—Ñ—Ñ–µ–∫—Ç–∏–≤–Ω—ã–π —Ä–∞–∑–±–æ—Ä –ª–æ–≥-—Ñ–∞–π–ª–æ–≤ Linux!

15 –ø—Ä–∏–º–µ—Ä–æ–≤, –∫–æ—Ç–æ—Ä—ã–µ –∞–¥–º–∏–Ω–∏—Å—Ç—Ä–∞—Ç–æ—Ä—ã Linux –º–æ–≥—É—Ç –∏—Å–ø–æ–ª—å–∑–æ–≤–∞—Ç—å –µ–∂–µ–¥–Ω–µ–≤–Ω–æ üëá.

1/ –ü–æ–∏—Å–∫ –æ–ø—Ä–µ–¥–µ–ª–µ–Ω–Ω–æ–≥–æ —Ç–µ–∫—Å—Ç–∞ –≤ —Ñ–∞–π–ª–µ –∂—É—Ä–Ω–∞–ª–∞:
grep "error" /var/log/syslog
–≠—Ç–∞ –∫–æ–º–∞–Ω–¥–∞ –∏—â–µ—Ç —Å–ª–æ–≤–æ "error" –≤ —Ñ–∞–π–ª–µ syslog.

2/ –ü–æ–¥—Å—á–∏—Ç–∞–π—Ç–µ –≤—Ö–æ–∂–¥–µ–Ω–∏—è –æ–ø—Ä–µ–¥–µ–ª–µ–Ω–Ω–æ–≥–æ —à–∞–±–ª–æ–Ω–∞:
grep -c "error" /var/log/syslog
–≠—Ç–∞ –∫–æ–º–∞–Ω–¥–∞ –ø–æ–¥—Å—á–∏—Ç—ã–≤–∞–µ—Ç –≤—Ö–æ–∂–¥–µ–Ω–∏—è —Å–ª–æ–≤–∞ "error" –≤ —Ñ–∞–π–ª syslog.

3/ –û—Ç—Ñ–∏–ª—å—Ç—Ä—É–π—Ç–µ –∂—É—Ä–Ω–∞–ª—ã –ø–æ –¥–∏–∞–ø–∞–∑–æ–Ω—É –¥–∞—Ç:
grep "Apr 1" /var/log/syslog
–≠—Ç–∞ –∫–æ–º–∞–Ω–¥–∞ —Ñ–∏–ª—å—Ç—Ä—É–µ—Ç –∑–∞–ø–∏—Å–∏ syslog –∑–∞ 1 –∞–ø—Ä–µ–ª—è.

4/ –ü—Ä–æ—Å–º–∞—Ç—Ä–∏–≤–∞–π—Ç–µ –∂—É—Ä–Ω–∞–ª—ã –≤ —Ä–µ–∂–∏–º–µ —Ä–µ–∞–ª—å–Ω–æ–≥–æ –≤—Ä–µ–º–µ–Ω–∏:
tail -f /var/log/syslog
–≠—Ç–∞ –∫–æ–º–∞–Ω–¥–∞ –ø–æ–∑–≤–æ–ª—è–µ—Ç —Å–ª–µ–¥–∏—Ç—å –∑–∞ —Ñ–∞–π–ª–æ–º syslog –≤ —Ä–µ–∂–∏–º–µ —Ä–µ–∞–ª—å–Ω–æ–≥–æ –≤—Ä–µ–º–µ–Ω–∏.

5/ –ù–∞–π–¥–∏—Ç–µ –Ω–∞–∏–±–æ–ª–µ–µ —á–∞—Å—Ç–æ –≤—Å—Ç—Ä–µ—á–∞—é—â–∏–µ—Å—è –æ—à–∏–±–∫–∏:
grep "error" /var/log/syslog | sort | uniq -c | sort -nr
–≠—Ç–∞ –∫–æ–º–∞–Ω–¥–∞ –ø–æ–¥—Å—á–∏—Ç—ã–≤–∞–µ—Ç –∏ —Å–æ—Ä—Ç–∏—Ä—É–µ—Ç –Ω–∞–∏–±–æ–ª–µ–µ —á–∞—Å—Ç—ã–µ —Å–æ–æ–±—â–µ–Ω–∏—è –æ–± –æ—à–∏–±–∫–∞—Ö.

6/ –í—ã–ø–æ–ª–Ω–∏—Ç–µ –ø–æ–∏—Å–∫ –≤ –Ω–µ—Å–∫–æ–ª—å–∫–∏—Ö —Ñ–∞–π–ª–∞—Ö –∂—É—Ä–Ω–∞–ª–∞ –æ–¥–Ω–æ–≤—Ä–µ–º–µ–Ω–Ω–æ:
grep "error" /var/log/syslog /var/log/nginx/error.log
–≠—Ç–∞ –∫–æ–º–∞–Ω–¥–∞ –∏—â–µ—Ç "error" –≤ –∂—É—Ä–Ω–∞–ª–∞—Ö –æ—à–∏–±–æ–∫ syslog –∏ Nginx.

7/ –ò–∑–≤–ª–µ–∫–∏—Ç–µ –æ–ø—Ä–µ–¥–µ–ª–µ–Ω–Ω—ã–µ –ø–æ–ª—è –∏–∑ –∑–∞–ø–∏—Å–µ–π –∂—É—Ä–Ω–∞–ª–∞:
awk '{print $4, $6}' /var/log/nginx/access.log
–≠—Ç–∞ –∫–æ–º–∞–Ω–¥–∞ –∏–∑–≤–ª–µ–∫–∞–µ—Ç –∏ –≤—ã–≤–æ–¥–∏—Ç –æ–ø—Ä–µ–¥–µ–ª–µ–Ω–Ω—ã–µ –ø–æ–ª—è –∏–∑ –∑–∞–ø–∏—Å–µ–π –∂—É—Ä–Ω–∞–ª–∞ –¥–æ—Å—Ç—É–ø–∞ Nginx.

8/ –ü–æ–∏—Å–∫ IP-–∞–¥—Ä–µ—Å–æ–≤:
grep -oE "\b([0-9]{1,3}\.){3}[0-9]{1,3}\b" /var/log/nginx/access.log
–≠—Ç–∞ –∫–æ–º–∞–Ω–¥–∞ –∏–∑–≤–ª–µ–∫–∞–µ—Ç IP-–∞–¥—Ä–µ—Å–∞ –∏–∑ –∑–∞–ø–∏—Å–µ–π –∂—É—Ä–Ω–∞–ª–∞ –¥–æ—Å—Ç—É–ø–∞ Nginx.

9/ –û–ø—Ä–µ–¥–µ–ª–∏—Ç–µ –æ—Å–Ω–æ–≤–Ω—ã–µ —à–∞–±–ª–æ–Ω—ã –¥–æ—Å—Ç—É–ø–∞:
awk '{print $7}' /var/log/nginx/access.log | sort | uniq -c | sort -nr
–≠—Ç–∞ –∫–æ–º–∞–Ω–¥–∞ –æ–ø—Ä–µ–¥–µ–ª—è–µ—Ç –Ω–∞–∏–±–æ–ª–µ–µ —á–∞—Å—Ç–æ –∏—Å–ø–æ–ª—å–∑—É–µ–º—ã–µ URL-–∞–¥—Ä–µ—Å–∞ –≤ –∂—É—Ä–Ω–∞–ª–∞—Ö –¥–æ—Å—Ç—É–ø–∞ Nginx.

10/ –ü–æ–∏—Å–∫ –æ–ø—Ä–µ–¥–µ–ª–µ–Ω–Ω—ã—Ö –∫–æ–¥–æ–≤ —Å–æ—Å—Ç–æ—è–Ω–∏—è HTTP:
grep "404" /var/log/nginx/access.log
–≠—Ç–∞ –∫–æ–º–∞–Ω–¥–∞ –∏—â–µ—Ç –æ—à–∏–±–∫–∏ HTTP 404 –≤ –∂—É—Ä–Ω–∞–ª–∞—Ö –¥–æ—Å—Ç—É–ø–∞ Nginx.

11/ –û–ø—Ä–µ–¥–µ–ª–∏—Ç–µ –æ—Å–Ω–æ–≤–Ω—ã—Ö –ø–æ—Ç—Ä–µ–±–∏—Ç–µ–ª–µ–π —Ç—Ä–∞—Ñ–∏–∫–∞:
awk '{print $10, $7}' /var/log/nginx/access.log | sort -rh | head
–≠—Ç–∞ –∫–æ–º–∞–Ω–¥–∞ –æ–ø—Ä–µ–¥–µ–ª—è–µ—Ç URL-–∞–¥—Ä–µ—Å–∞ —Å –Ω–∞–∏–±–æ–ª—å—à–∏–º –ø–æ—Ç—Ä–µ–±–ª–µ–Ω–∏–µ–º —Ç—Ä–∞—Ñ–∏–∫–∞ –≤ –∂—É—Ä–Ω–∞–ª–∞—Ö –¥–æ—Å—Ç—É–ø–∞ Nginx.

12/ –§–∏–ª—å—Ç—Ä—É–π—Ç–µ –∂—É—Ä–Ω–∞–ª—ã –ø–æ IP-–∞–¥—Ä–µ—Å—É –∏—Å—Ç–æ—á–Ω–∏–∫–∞:
grep "192.168.1.100" /var/log/auth.log
–≠—Ç–∞ –∫–æ–º–∞–Ω–¥–∞ —Ñ–∏–ª—å—Ç—Ä—É–µ—Ç –∂—É—Ä–Ω–∞–ª—ã –∞—É—Ç–µ–Ω—Ç–∏—Ñ–∏–∫–∞—Ü–∏–∏ –ø–æ –æ–ø—Ä–µ–¥–µ–ª–µ–Ω–Ω–æ–º—É IP-–∞–¥—Ä–µ—Å—É.

13/ –ü–æ–∏—Å–∫ –Ω–µ—É–¥–∞—á–Ω—ã—Ö –ø–æ–ø—ã—Ç–æ–∫ –≤—Ö–æ–¥–∞ –≤ —Å–∏—Å—Ç–µ–º—É:
grep "Failed password" /var/log/auth.log
–≠—Ç–∞ –∫–æ–º–∞–Ω–¥–∞ –∏—â–µ—Ç –Ω–µ—É–¥–∞—á–Ω—ã–µ –ø–æ–ø—ã—Ç–∫–∏ –≤—Ö–æ–¥–∞ –≤ —Å–∏—Å—Ç–µ–º—É SSH –≤ –∂—É—Ä–Ω–∞–ª–∞—Ö auth.

14/ –ü—Ä–æ–≤–µ—Ä—å—Ç–µ –≤—Ä–µ–º—è –∑–∞–ø—É—Å–∫–∞ –∏ –≤—ã–∫–ª—é—á–µ–Ω–∏—è —Å–∏—Å—Ç–µ–º—ã:
grep "systemd" /var/log/syslog | grep "Starting" | grep "Stopping"
–≠—Ç–∞ –∫–æ–º–∞–Ω–¥–∞ –∏–∑–≤–ª–µ–∫–∞–µ—Ç —Å–æ–±—ã—Ç–∏—è –∑–∞–ø—É—Å–∫–∞ –∏ –≤—ã–∫–ª—é—á–µ–Ω–∏—è —Å–∏—Å—Ç–µ–º—ã –∏–∑ syslog.

15/ –ù–∞–π–¥–∏—Ç–µ –ø—Ä–æ—Ü–µ—Å—Å—ã, –ø–æ—Ç—Ä–µ–±–ª—è—é—â–∏–µ –±–æ–ª—å—à–æ–µ –∫–æ–ª–∏—á–µ—Å—Ç–≤–æ CPU:
grep "CPU" /var/log/syslog
–≠—Ç–∞ –∫–æ–º–∞–Ω–¥–∞ –ø–æ–º–æ–≥–∞–µ—Ç –≤—ã—è–≤–∏—Ç—å –ø—Ä–æ—Ü–µ—Å—Å—ã, –≤—ã–∑—ã–≤–∞—é—â–∏–µ –ø–æ–≤—ã—à–µ–Ω–Ω–æ–µ –ø–æ—Ç—Ä–µ–±–ª–µ–Ω–∏–µ –¶–ü, –≤ —Å–∏—Å—Ç–µ–º–Ω—ã—Ö –∂—É—Ä–Ω–∞–ª–∞—Ö.